// Jest Snapshot v1, https://goo.gl/fbAQLP

exports[`Testing App component renders as expected 1`] = `
ShallowWrapper {
  Symbol(enzyme.__root__): [Circular],
  Symbol(enzyme.__unrendered__): <ModalContent
    description="blah..."
    name="Wolver-dok"
    thumbnail={
      Object {
        "extension": "jpg",
        "path": "http://i.annihil.us/u/prod/marvel/i/mg/b/40/image_not_available",
      }
    }
  />,
  Symbol(enzyme.__renderer__): Object {
    "batchedUpdates": [Function],
    "getNode": [Function],
    "render": [Function],
    "simulateError": [Function],
    "simulateEvent": [Function],
    "unmount": [Function],
  },
  Symbol(enzyme.__node__): Object {
    "instance": null,
    "key": undefined,
    "nodeType": "host",
    "props": Object {
      "children": Array [
        <div
          className="col-xs-12 col-sm-6"
        >
          <div
            className="logo"
          >
            <img
              alt="Marvel character"
              className="rounded-circle mx-auto d-block"
              src="http://i.annihil.us/u/prod/marvel/i/mg/b/40/image_not_available/portrait_fantastic.jpg"
            />
          </div>
          <div
            className="btn-group-vertical btn-block"
          >
            <button
              className="btn btn-light btn-lg btn-block"
              type="button"
            >
              Details
            </button>
            <button
              className="btn btn-light btn-lg btn-block"
              type="button"
            >
              Comics
            </button>
            <button
              className="btn btn-light btn-lg btn-block"
              type="button"
            >
              Events
            </button>
            <button
              className="btn btn-light btn-lg btn-block"
              type="button"
            >
              Series
            </button>
            <button
              className="btn btn-light btn-lg btn-block"
              type="button"
            >
              Stories
            </button>
          </div>
        </div>,
        <div
          className="col-xs-12 col-sm-5 text-center"
        >
          <h4>
            Wolver-dok
          </h4>
          <p
            className="text-justify"
          >
            blah...
          </p>
        </div>,
      ],
      "className": "row modal_content",
    },
    "ref": null,
    "rendered": Array [
      Object {
        "instance": null,
        "key": undefined,
        "nodeType": "host",
        "props": Object {
          "children": Array [
            <div
              className="logo"
            >
              <img
                alt="Marvel character"
                className="rounded-circle mx-auto d-block"
                src="http://i.annihil.us/u/prod/marvel/i/mg/b/40/image_not_available/portrait_fantastic.jpg"
              />
            </div>,
            <div
              className="btn-group-vertical btn-block"
            >
              <button
                className="btn btn-light btn-lg btn-block"
                type="button"
              >
                Details
              </button>
              <button
                className="btn btn-light btn-lg btn-block"
                type="button"
              >
                Comics
              </button>
              <button
                className="btn btn-light btn-lg btn-block"
                type="button"
              >
                Events
              </button>
              <button
                className="btn btn-light btn-lg btn-block"
                type="button"
              >
                Series
              </button>
              <button
                className="btn btn-light btn-lg btn-block"
                type="button"
              >
                Stories
              </button>
            </div>,
          ],
          "className": "col-xs-12 col-sm-6",
        },
        "ref": null,
        "rendered": Array [
          Object {
            "instance": null,
            "key": undefined,
            "nodeType": "host",
            "props": Object {
              "children": <img
                alt="Marvel character"
                className="rounded-circle mx-auto d-block"
                src="http://i.annihil.us/u/prod/marvel/i/mg/b/40/image_not_available/portrait_fantastic.jpg"
              />,
              "className": "logo",
            },
            "ref": null,
            "rendered": Object {
              "instance": null,
              "key": undefined,
              "nodeType": "host",
              "props": Object {
                "alt": "Marvel character",
                "className": "rounded-circle mx-auto d-block",
                "src": "http://i.annihil.us/u/prod/marvel/i/mg/b/40/image_not_available/portrait_fantastic.jpg",
              },
              "ref": null,
              "rendered": null,
              "type": "img",
            },
            "type": "div",
          },
          Object {
            "instance": null,
            "key": undefined,
            "nodeType": "host",
            "props": Object {
              "children": Array [
                <button
                  className="btn btn-light btn-lg btn-block"
                  type="button"
                >
                  Details
                </button>,
                <button
                  className="btn btn-light btn-lg btn-block"
                  type="button"
                >
                  Comics
                </button>,
                <button
                  className="btn btn-light btn-lg btn-block"
                  type="button"
                >
                  Events
                </button>,
                <button
                  className="btn btn-light btn-lg btn-block"
                  type="button"
                >
                  Series
                </button>,
                <button
                  className="btn btn-light btn-lg btn-block"
                  type="button"
                >
                  Stories
                </button>,
              ],
              "className": "btn-group-vertical btn-block",
            },
            "ref": null,
            "rendered": Array [
              Object {
                "instance": null,
                "key": undefined,
                "nodeType": "host",
                "props": Object {
                  "children": "Details",
                  "className": "btn btn-light btn-lg btn-block",
                  "type": "button",
                },
                "ref": null,
                "rendered": "Details",
                "type": "button",
              },
              Object {
                "instance": null,
                "key": undefined,
                "nodeType": "host",
                "props": Object {
                  "children": "Comics",
                  "className": "btn btn-light btn-lg btn-block",
                  "type": "button",
                },
                "ref": null,
                "rendered": "Comics",
                "type": "button",
              },
              Object {
                "instance": null,
                "key": undefined,
                "nodeType": "host",
                "props": Object {
                  "children": "Events",
                  "className": "btn btn-light btn-lg btn-block",
                  "type": "button",
                },
                "ref": null,
                "rendered": "Events",
                "type": "button",
              },
              Object {
                "instance": null,
                "key": undefined,
                "nodeType": "host",
                "props": Object {
                  "children": "Series",
                  "className": "btn btn-light btn-lg btn-block",
                  "type": "button",
                },
                "ref": null,
                "rendered": "Series",
                "type": "button",
              },
              Object {
                "instance": null,
                "key": undefined,
                "nodeType": "host",
                "props": Object {
                  "children": "Stories",
                  "className": "btn btn-light btn-lg btn-block",
                  "type": "button",
                },
                "ref": null,
                "rendered": "Stories",
                "type": "button",
              },
            ],
            "type": "div",
          },
        ],
        "type": "div",
      },
      Object {
        "instance": null,
        "key": undefined,
        "nodeType": "host",
        "props": Object {
          "children": Array [
            <h4>
              Wolver-dok
            </h4>,
            <p
              className="text-justify"
            >
              blah...
            </p>,
          ],
          "className": "col-xs-12 col-sm-5 text-center",
        },
        "ref": null,
        "rendered": Array [
          Object {
            "instance": null,
            "key": undefined,
            "nodeType": "host",
            "props": Object {
              "children": "Wolver-dok",
            },
            "ref": null,
            "rendered": "Wolver-dok",
            "type": "h4",
          },
          Object {
            "instance": null,
            "key": undefined,
            "nodeType": "host",
            "props": Object {
              "children": "blah...",
              "className": "text-justify",
            },
            "ref": null,
            "rendered": "blah...",
            "type": "p",
          },
        ],
        "type": "div",
      },
    ],
    "type": "div",
  },
  Symbol(enzyme.__nodes__): Array [
    Object {
      "instance": null,
      "key": undefined,
      "nodeType": "host",
      "props": Object {
        "children": Array [
          <div
            className="col-xs-12 col-sm-6"
          >
            <div
              className="logo"
            >
              <img
                alt="Marvel character"
                className="rounded-circle mx-auto d-block"
                src="http://i.annihil.us/u/prod/marvel/i/mg/b/40/image_not_available/portrait_fantastic.jpg"
              />
            </div>
            <div
              className="btn-group-vertical btn-block"
            >
              <button
                className="btn btn-light btn-lg btn-block"
                type="button"
              >
                Details
              </button>
              <button
                className="btn btn-light btn-lg btn-block"
                type="button"
              >
                Comics
              </button>
              <button
                className="btn btn-light btn-lg btn-block"
                type="button"
              >
                Events
              </button>
              <button
                className="btn btn-light btn-lg btn-block"
                type="button"
              >
                Series
              </button>
              <button
                className="btn btn-light btn-lg btn-block"
                type="button"
              >
                Stories
              </button>
            </div>
          </div>,
          <div
            className="col-xs-12 col-sm-5 text-center"
          >
            <h4>
              Wolver-dok
            </h4>
            <p
              className="text-justify"
            >
              blah...
            </p>
          </div>,
        ],
        "className": "row modal_content",
      },
      "ref": null,
      "rendered": Array [
        Object {
          "instance": null,
          "key": undefined,
          "nodeType": "host",
          "props": Object {
            "children": Array [
              <div
                className="logo"
              >
                <img
                  alt="Marvel character"
                  className="rounded-circle mx-auto d-block"
                  src="http://i.annihil.us/u/prod/marvel/i/mg/b/40/image_not_available/portrait_fantastic.jpg"
                />
              </div>,
              <div
                className="btn-group-vertical btn-block"
              >
                <button
                  className="btn btn-light btn-lg btn-block"
                  type="button"
                >
                  Details
                </button>
                <button
                  className="btn btn-light btn-lg btn-block"
                  type="button"
                >
                  Comics
                </button>
                <button
                  className="btn btn-light btn-lg btn-block"
                  type="button"
                >
                  Events
                </button>
                <button
                  className="btn btn-light btn-lg btn-block"
                  type="button"
                >
                  Series
                </button>
                <button
                  className="btn btn-light btn-lg btn-block"
                  type="button"
                >
                  Stories
                </button>
              </div>,
            ],
            "className": "col-xs-12 col-sm-6",
          },
          "ref": null,
          "rendered": Array [
            Object {
              "instance": null,
              "key": undefined,
              "nodeType": "host",
              "props": Object {
                "children": <img
                  alt="Marvel character"
                  className="rounded-circle mx-auto d-block"
                  src="http://i.annihil.us/u/prod/marvel/i/mg/b/40/image_not_available/portrait_fantastic.jpg"
                />,
                "className": "logo",
              },
              "ref": null,
              "rendered": Object {
                "instance": null,
                "key": undefined,
                "nodeType": "host",
                "props": Object {
                  "alt": "Marvel character",
                  "className": "rounded-circle mx-auto d-block",
                  "src": "http://i.annihil.us/u/prod/marvel/i/mg/b/40/image_not_available/portrait_fantastic.jpg",
                },
                "ref": null,
                "rendered": null,
                "type": "img",
              },
              "type": "div",
            },
            Object {
              "instance": null,
              "key": undefined,
              "nodeType": "host",
              "props": Object {
                "children": Array [
                  <button
                    className="btn btn-light btn-lg btn-block"
                    type="button"
                  >
                    Details
                  </button>,
                  <button
                    className="btn btn-light btn-lg btn-block"
                    type="button"
                  >
                    Comics
                  </button>,
                  <button
                    className="btn btn-light btn-lg btn-block"
                    type="button"
                  >
                    Events
                  </button>,
                  <button
                    className="btn btn-light btn-lg btn-block"
                    type="button"
                  >
                    Series
                  </button>,
                  <button
                    className="btn btn-light btn-lg btn-block"
                    type="button"
                  >
                    Stories
                  </button>,
                ],
                "className": "btn-group-vertical btn-block",
              },
              "ref": null,
              "rendered": Array [
                Object {
                  "instance": null,
                  "key": undefined,
                  "nodeType": "host",
                  "props": Object {
                    "children": "Details",
                    "className": "btn btn-light btn-lg btn-block",
                    "type": "button",
                  },
                  "ref": null,
                  "rendered": "Details",
                  "type": "button",
                },
                Object {
                  "instance": null,
                  "key": undefined,
                  "nodeType": "host",
                  "props": Object {
                    "children": "Comics",
                    "className": "btn btn-light btn-lg btn-block",
                    "type": "button",
                  },
                  "ref": null,
                  "rendered": "Comics",
                  "type": "button",
                },
                Object {
                  "instance": null,
                  "key": undefined,
                  "nodeType": "host",
                  "props": Object {
                    "children": "Events",
                    "className": "btn btn-light btn-lg btn-block",
                    "type": "button",
                  },
                  "ref": null,
                  "rendered": "Events",
                  "type": "button",
                },
                Object {
                  "instance": null,
                  "key": undefined,
                  "nodeType": "host",
                  "props": Object {
                    "children": "Series",
                    "className": "btn btn-light btn-lg btn-block",
                    "type": "button",
                  },
                  "ref": null,
                  "rendered": "Series",
                  "type": "button",
                },
                Object {
                  "instance": null,
                  "key": undefined,
                  "nodeType": "host",
                  "props": Object {
                    "children": "Stories",
                    "className": "btn btn-light btn-lg btn-block",
                    "type": "button",
                  },
                  "ref": null,
                  "rendered": "Stories",
                  "type": "button",
                },
              ],
              "type": "div",
            },
          ],
          "type": "div",
        },
        Object {
          "instance": null,
          "key": undefined,
          "nodeType": "host",
          "props": Object {
            "children": Array [
              <h4>
                Wolver-dok
              </h4>,
              <p
                className="text-justify"
              >
                blah...
              </p>,
            ],
            "className": "col-xs-12 col-sm-5 text-center",
          },
          "ref": null,
          "rendered": Array [
            Object {
              "instance": null,
              "key": undefined,
              "nodeType": "host",
              "props": Object {
                "children": "Wolver-dok",
              },
              "ref": null,
              "rendered": "Wolver-dok",
              "type": "h4",
            },
            Object {
              "instance": null,
              "key": undefined,
              "nodeType": "host",
              "props": Object {
                "children": "blah...",
                "className": "text-justify",
              },
              "ref": null,
              "rendered": "blah...",
              "type": "p",
            },
          ],
          "type": "div",
        },
      ],
      "type": "div",
    },
  ],
  Symbol(enzyme.__options__): Object {
    "adapter": ReactSixteenAdapter {
      "options": Object {
        "enableComponentDidUpdateOnSetState": true,
        "lifecycles": Object {
          "componentDidUpdate": Object {
            "onSetState": true,
          },
          "getDerivedStateFromProps": true,
          "getSnapshotBeforeUpdate": true,
          "setState": Object {
            "skipsComponentDidUpdateOnNullish": true,
          },
        },
      },
    },
  },
}
`;
