// Jest Snapshot v1, https://goo.gl/fbAQLP

exports[`Testing App component renders as expected 1`] = `
ShallowWrapper {
  Symbol(enzyme.__root__): [Circular],
  Symbol(enzyme.__unrendered__): <App
    closeModal={[Function]}
    modal={
      Object {
        "isOpen": false,
      }
    }
    openModal={[Function]}
    search={
      Object {
        "chars": Array [],
      }
    }
    searchTerm={[Function]}
    updateChars={[Function]}
  />,
  Symbol(enzyme.__renderer__): Object {
    "batchedUpdates": [Function],
    "getNode": [Function],
    "render": [Function],
    "simulateError": [Function],
    "simulateEvent": [Function],
    "unmount": [Function],
  },
  Symbol(enzyme.__node__): Object {
    "instance": null,
    "key": undefined,
    "nodeType": "host",
    "props": Object {
      "children": Array [
        <Header
          handleInputChange={[Function]}
        />,
        <div
          className="char-container"
        >
          <div
            className="row"
          />
          <Modal
            animationDuration={500}
            blockScroll={true}
            center={true}
            classNames={Object {}}
            classes={
              Object {
                "closeButton": "styles_closeButton__20ID4",
                "closeIcon": "styles_closeIcon__1QwbI",
                "modal": "styles_modal__gNwvD",
                "overlay": "styles_overlay__CLSq-",
                "overlayCenter": "styles_overlayCenter__YHoO7",
                "transitionEnter": "styles_transitionEnter__3j_-a",
                "transitionEnterActive": "styles_transitionEnterActive___eQs7",
                "transitionExit": "styles_transitionExit__1KmEf",
                "transitionExitActive": "styles_transitionExitActive__1nQXw",
              }
            }
            closeIconSize={28}
            closeIconSvgPath={
              <path
                d="M28.5 9.62L26.38 7.5 18 15.88 9.62 7.5 7.5 9.62 15.88 18 7.5 26.38l2.12 2.12L18 20.12l8.38 8.38 2.12-2.12L20.12 18z"
              />
            }
            closeOnEsc={true}
            closeOnOverlayClick={true}
            focusTrapOptions={Object {}}
            focusTrapped={false}
            onClose={[Function]}
            onEntered={null}
            onEscKeyDown={null}
            onExited={null}
            onOverlayClick={null}
            open={false}
            showCloseIcon={true}
            styles={Object {}}
          />
        </div>,
      ],
      "className": "App",
    },
    "ref": null,
    "rendered": Array [
      Object {
        "instance": null,
        "key": undefined,
        "nodeType": "function",
        "props": Object {
          "handleInputChange": [Function],
          "isSearching": undefined,
        },
        "ref": null,
        "rendered": null,
        "type": [Function],
      },
      Object {
        "instance": null,
        "key": undefined,
        "nodeType": "host",
        "props": Object {
          "children": Array [
            <div
              className="row"
            />,
            <Modal
              animationDuration={500}
              blockScroll={true}
              center={true}
              classNames={Object {}}
              classes={
                Object {
                  "closeButton": "styles_closeButton__20ID4",
                  "closeIcon": "styles_closeIcon__1QwbI",
                  "modal": "styles_modal__gNwvD",
                  "overlay": "styles_overlay__CLSq-",
                  "overlayCenter": "styles_overlayCenter__YHoO7",
                  "transitionEnter": "styles_transitionEnter__3j_-a",
                  "transitionEnterActive": "styles_transitionEnterActive___eQs7",
                  "transitionExit": "styles_transitionExit__1KmEf",
                  "transitionExitActive": "styles_transitionExitActive__1nQXw",
                }
              }
              closeIconSize={28}
              closeIconSvgPath={
                <path
                  d="M28.5 9.62L26.38 7.5 18 15.88 9.62 7.5 7.5 9.62 15.88 18 7.5 26.38l2.12 2.12L18 20.12l8.38 8.38 2.12-2.12L20.12 18z"
                />
              }
              closeOnEsc={true}
              closeOnOverlayClick={true}
              focusTrapOptions={Object {}}
              focusTrapped={false}
              onClose={[Function]}
              onEntered={null}
              onEscKeyDown={null}
              onExited={null}
              onOverlayClick={null}
              open={false}
              showCloseIcon={true}
              styles={Object {}}
            />,
          ],
          "className": "char-container",
        },
        "ref": null,
        "rendered": Array [
          Object {
            "instance": null,
            "key": undefined,
            "nodeType": "host",
            "props": Object {
              "children": Array [],
              "className": "row",
            },
            "ref": null,
            "rendered": Array [],
            "type": "div",
          },
          Object {
            "instance": null,
            "key": undefined,
            "nodeType": "class",
            "props": Object {
              "animationDuration": 500,
              "blockScroll": true,
              "center": true,
              "children": null,
              "classNames": Object {},
              "classes": Object {
                "closeButton": "styles_closeButton__20ID4",
                "closeIcon": "styles_closeIcon__1QwbI",
                "modal": "styles_modal__gNwvD",
                "overlay": "styles_overlay__CLSq-",
                "overlayCenter": "styles_overlayCenter__YHoO7",
                "transitionEnter": "styles_transitionEnter__3j_-a",
                "transitionEnterActive": "styles_transitionEnterActive___eQs7",
                "transitionExit": "styles_transitionExit__1KmEf",
                "transitionExitActive": "styles_transitionExitActive__1nQXw",
              },
              "closeIconSize": 28,
              "closeIconSvgPath": <path
                d="M28.5 9.62L26.38 7.5 18 15.88 9.62 7.5 7.5 9.62 15.88 18 7.5 26.38l2.12 2.12L18 20.12l8.38 8.38 2.12-2.12L20.12 18z"
              />,
              "closeOnEsc": true,
              "closeOnOverlayClick": true,
              "focusTrapOptions": Object {},
              "focusTrapped": false,
              "onClose": [Function],
              "onEntered": null,
              "onEscKeyDown": null,
              "onExited": null,
              "onOverlayClick": null,
              "open": false,
              "showCloseIcon": true,
              "styles": Object {},
            },
            "ref": null,
            "rendered": null,
            "type": [Function],
          },
        ],
        "type": "div",
      },
    ],
    "type": "div",
  },
  Symbol(enzyme.__nodes__): Array [
    Object {
      "instance": null,
      "key": undefined,
      "nodeType": "host",
      "props": Object {
        "children": Array [
          <Header
            handleInputChange={[Function]}
          />,
          <div
            className="char-container"
          >
            <div
              className="row"
            />
            <Modal
              animationDuration={500}
              blockScroll={true}
              center={true}
              classNames={Object {}}
              classes={
                Object {
                  "closeButton": "styles_closeButton__20ID4",
                  "closeIcon": "styles_closeIcon__1QwbI",
                  "modal": "styles_modal__gNwvD",
                  "overlay": "styles_overlay__CLSq-",
                  "overlayCenter": "styles_overlayCenter__YHoO7",
                  "transitionEnter": "styles_transitionEnter__3j_-a",
                  "transitionEnterActive": "styles_transitionEnterActive___eQs7",
                  "transitionExit": "styles_transitionExit__1KmEf",
                  "transitionExitActive": "styles_transitionExitActive__1nQXw",
                }
              }
              closeIconSize={28}
              closeIconSvgPath={
                <path
                  d="M28.5 9.62L26.38 7.5 18 15.88 9.62 7.5 7.5 9.62 15.88 18 7.5 26.38l2.12 2.12L18 20.12l8.38 8.38 2.12-2.12L20.12 18z"
                />
              }
              closeOnEsc={true}
              closeOnOverlayClick={true}
              focusTrapOptions={Object {}}
              focusTrapped={false}
              onClose={[Function]}
              onEntered={null}
              onEscKeyDown={null}
              onExited={null}
              onOverlayClick={null}
              open={false}
              showCloseIcon={true}
              styles={Object {}}
            />
          </div>,
        ],
        "className": "App",
      },
      "ref": null,
      "rendered": Array [
        Object {
          "instance": null,
          "key": undefined,
          "nodeType": "function",
          "props": Object {
            "handleInputChange": [Function],
            "isSearching": undefined,
          },
          "ref": null,
          "rendered": null,
          "type": [Function],
        },
        Object {
          "instance": null,
          "key": undefined,
          "nodeType": "host",
          "props": Object {
            "children": Array [
              <div
                className="row"
              />,
              <Modal
                animationDuration={500}
                blockScroll={true}
                center={true}
                classNames={Object {}}
                classes={
                  Object {
                    "closeButton": "styles_closeButton__20ID4",
                    "closeIcon": "styles_closeIcon__1QwbI",
                    "modal": "styles_modal__gNwvD",
                    "overlay": "styles_overlay__CLSq-",
                    "overlayCenter": "styles_overlayCenter__YHoO7",
                    "transitionEnter": "styles_transitionEnter__3j_-a",
                    "transitionEnterActive": "styles_transitionEnterActive___eQs7",
                    "transitionExit": "styles_transitionExit__1KmEf",
                    "transitionExitActive": "styles_transitionExitActive__1nQXw",
                  }
                }
                closeIconSize={28}
                closeIconSvgPath={
                  <path
                    d="M28.5 9.62L26.38 7.5 18 15.88 9.62 7.5 7.5 9.62 15.88 18 7.5 26.38l2.12 2.12L18 20.12l8.38 8.38 2.12-2.12L20.12 18z"
                  />
                }
                closeOnEsc={true}
                closeOnOverlayClick={true}
                focusTrapOptions={Object {}}
                focusTrapped={false}
                onClose={[Function]}
                onEntered={null}
                onEscKeyDown={null}
                onExited={null}
                onOverlayClick={null}
                open={false}
                showCloseIcon={true}
                styles={Object {}}
              />,
            ],
            "className": "char-container",
          },
          "ref": null,
          "rendered": Array [
            Object {
              "instance": null,
              "key": undefined,
              "nodeType": "host",
              "props": Object {
                "children": Array [],
                "className": "row",
              },
              "ref": null,
              "rendered": Array [],
              "type": "div",
            },
            Object {
              "instance": null,
              "key": undefined,
              "nodeType": "class",
              "props": Object {
                "animationDuration": 500,
                "blockScroll": true,
                "center": true,
                "children": null,
                "classNames": Object {},
                "classes": Object {
                  "closeButton": "styles_closeButton__20ID4",
                  "closeIcon": "styles_closeIcon__1QwbI",
                  "modal": "styles_modal__gNwvD",
                  "overlay": "styles_overlay__CLSq-",
                  "overlayCenter": "styles_overlayCenter__YHoO7",
                  "transitionEnter": "styles_transitionEnter__3j_-a",
                  "transitionEnterActive": "styles_transitionEnterActive___eQs7",
                  "transitionExit": "styles_transitionExit__1KmEf",
                  "transitionExitActive": "styles_transitionExitActive__1nQXw",
                },
                "closeIconSize": 28,
                "closeIconSvgPath": <path
                  d="M28.5 9.62L26.38 7.5 18 15.88 9.62 7.5 7.5 9.62 15.88 18 7.5 26.38l2.12 2.12L18 20.12l8.38 8.38 2.12-2.12L20.12 18z"
                />,
                "closeOnEsc": true,
                "closeOnOverlayClick": true,
                "focusTrapOptions": Object {},
                "focusTrapped": false,
                "onClose": [Function],
                "onEntered": null,
                "onEscKeyDown": null,
                "onExited": null,
                "onOverlayClick": null,
                "open": false,
                "showCloseIcon": true,
                "styles": Object {},
              },
              "ref": null,
              "rendered": null,
              "type": [Function],
            },
          ],
          "type": "div",
        },
      ],
      "type": "div",
    },
  ],
  Symbol(enzyme.__options__): Object {
    "adapter": ReactSixteenAdapter {
      "options": Object {
        "enableComponentDidUpdateOnSetState": true,
        "lifecycles": Object {
          "componentDidUpdate": Object {
            "onSetState": true,
          },
          "getDerivedStateFromProps": true,
          "getSnapshotBeforeUpdate": true,
          "setState": Object {
            "skipsComponentDidUpdateOnNullish": true,
          },
        },
      },
    },
  },
}
`;
